// Jest Snapshot v1, https://goo.gl/fbAQLP

exports[`RegisterForm Snapshot matches snapshot 1`] = `
<div
  className="flex flex-col"
>
  <form
    data-testid="login-form"
    onSubmit={[MockFunction]}
  >
    <div
      className="mx-auto flex flex-col items-center justify-center gap-3"
    >
      <div
        className="relative rounded flex flex-col w-full h-full border border-inputBorder bg-inputBackground hover:border-slate-300 transition-colors text-[13px]"
      >
        <label
          className="absolute top-2 text-[10px] text-secondary ml-4"
          htmlFor="email"
        >
          Email Address
        </label>
        <input
          className="outline-none h-full w-full bg-transparent text-gray p-4 pt-7 undefined"
          id="email"
          name="email"
          required={true}
          type="email"
        />
      </div>
      <div
        className="relative rounded flex flex-col w-full h-full border border-inputBorder bg-inputBackground hover:border-slate-300 transition-colors text-[13px]"
      >
        <label
          className="absolute top-2 text-[10px] text-secondary ml-4"
          htmlFor="password"
        >
          Password
        </label>
        <input
          className="outline-none h-full w-full bg-transparent text-gray p-4 pt-7 undefined"
          id="password"
          minLength={6}
          name="password"
          required={true}
          type="password"
        />
      </div>
      <button
        className="button-primary w-full p-5 mt-3 text-white font-ubuntu font-medium"
        disabled={false}
        type="submit"
      >
        Login to your Account
      </button>
    </div>
  </form>
</div>
`;
